<?xml version="1.0" encoding="UTF-8"?>
<TestRun id="a2194ac6-794a-428e-97fa-871248b9e396" name="lucioc@LUCIOC-VAIO 2013-02-09 13:29:02" runUser="lucioc-VAIO\lucioc" xmlns="http://microsoft.com/schemas/VisualStudio/TeamTest/2010">
  <TestSettings name="Local" id="8cb53320-d39e-44a4-b8fa-ae4d1c0c140f">
    <Description>These are default test settings for a local test run.</Description>
    <Deployment enabled="false" runDeploymentRoot="lucioc_LUCIOC-VAIO 2013-02-09 13_29_02">
      <DeploymentItem filename="C:\Users\lucioc\Desktop\class_share\ClassService\WcfService\bin\WcfService1.dll" />
      <DeploymentItem filename="C:\Users\lucioc\Desktop\class_share\ClassService\PowerPointLibrary\bin\Release\PowerPointLibraries.dll" />
    </Deployment>
    <Execution>
      <TestTypeSpecific />
      <AgentRule name="Execution Agents">
      </AgentRule>
    </Execution>
  </TestSettings>
  <Times creation="2013-02-09T13:29:02.9122175-02:00" queuing="2013-02-09T13:29:03.7422650-02:00" start="2013-02-09T13:29:03.8112689-02:00" finish="2013-02-09T13:29:16.9620211-02:00" />
  <ResultSummary outcome="Error">
    <Counters total="12" executed="2" passed="1" error="0" failed="0" timeout="0" aborted="1" inconclusive="0" passedButRunAborted="0" notRunnable="0" notExecuted="10" disconnected="0" warning="0" completed="0" inProgress="0" pending="0" />
    <RunInfos>
      <RunInfo computerName="LUCIOC-VAIO" outcome="Error" timestamp="2013-02-09T13:29:16.9440201-02:00">
        <Text>Test host process exited unexpectedly.</Text>
      </RunInfo>
    </RunInfos>
  </ResultSummary>
  <TestDefinitions>
    <UnitTest name="AddParameterTest" storage="c:\users\lucioc\desktop\class_share\classservice\servicetest\bin\release\testproject1.dll" id="f21e01fc-5c5d-1397-4541-dadfeaa3788c">
      <Execution id="f50ace2c-25ab-49a2-ad40-b25939bbc9dd" />
      <TestMethod codeBase="C:/Users/lucioc/Desktop/class_share/ClassService/ServiceTest/bin/Release/TestProject1.DLL" adapterTypeName="Microsoft.VisualStudio.TestTools.TestTypes.Unit.UnitTestAdapter, Microsoft.VisualStudio.QualityTools.Tips.UnitTest.Adapter, Version=10.0.0.0, Culture=neutral, PublicKeyToken=b03f5f7f11d50a3a" className="TestProject1.ServiceTest, TestProject1, Version=1.0.0.0, Culture=neutral, PublicKeyToken=null" name="AddParameterTest" />
      <AspNet>
        <Host pathToWebApp="C:\Users\lucioc\Desktop\class_share\ClassService\WcfService" webAppRoot="/" />
      </AspNet>
    </UnitTest>
    <UnitTest name="testUnit" storage="c:\users\lucioc\desktop\class_share\classservice\servicetest\bin\release\testproject1.dll" id="3ecc851e-2d6e-b0e2-3dce-1d1f6cde8608">
      <Execution id="2d490c02-c435-4642-857d-abd8cf375ed7" />
      <TestMethod codeBase="C:/Users/lucioc/Desktop/class_share/ClassService/ServiceTest/bin/Release/TestProject1.DLL" adapterTypeName="Microsoft.VisualStudio.TestTools.TestTypes.Unit.UnitTestAdapter, Microsoft.VisualStudio.QualityTools.Tips.UnitTest.Adapter, Version=10.0.0.0, Culture=neutral, PublicKeyToken=b03f5f7f11d50a3a" className="TestProject1.ServiceTest, TestProject1, Version=1.0.0.0, Culture=neutral, PublicKeyToken=null" name="testUnit" />
      <AspNet webSiteUrl="http://localhost:2475/Service.svc/" />
    </UnitTest>
    <UnitTest name="closePresentationTest" storage="c:\users\lucioc\desktop\class_share\classservice\servicetest\bin\release\testproject1.dll" id="478c1c17-3400-1c75-328f-88dc2c86cee5">
      <Execution id="3248db00-440c-4888-a604-d7485ec0e6f6" />
      <TestMethod codeBase="C:/Users/lucioc/Desktop/class_share/ClassService/ServiceTest/bin/Release/TestProject1.DLL" adapterTypeName="Microsoft.VisualStudio.TestTools.TestTypes.Unit.UnitTestAdapter, Microsoft.VisualStudio.QualityTools.Tips.UnitTest.Adapter, Version=10.0.0.0, Culture=neutral, PublicKeyToken=b03f5f7f11d50a3a" className="ServiceTest.PowerPointPresentationTest, TestProject1, Version=1.0.0.0, Culture=neutral, PublicKeyToken=null" name="closePresentationTest" />
    </UnitTest>
    <UnitTest name="AddTest" storage="c:\users\lucioc\desktop\class_share\classservice\servicetest\bin\release\testproject1.dll" id="f2657f9c-cafd-4141-1167-8a6a05f83b41">
      <Execution id="aa155908-104e-4be5-b6f2-aa4e76e8230c" />
      <TestMethod codeBase="C:/Users/lucioc/Desktop/class_share/ClassService/ServiceTest/bin/Release/TestProject1.DLL" adapterTypeName="Microsoft.VisualStudio.TestTools.TestTypes.Unit.UnitTestAdapter, Microsoft.VisualStudio.QualityTools.Tips.UnitTest.Adapter, Version=10.0.0.0, Culture=neutral, PublicKeyToken=b03f5f7f11d50a3a" className="TestProject1.ServiceTest, TestProject1, Version=1.0.0.0, Culture=neutral, PublicKeyToken=null" name="AddTest" />
      <AspNet>
        <Host pathToWebApp="C:\Users\lucioc\Desktop\class_share\ClassService\WcfService" webAppRoot="/" />
      </AspNet>
    </UnitTest>
    <UnitTest name="GoToNextSlideTest" storage="c:\users\lucioc\desktop\class_share\classservice\servicetest\bin\release\testproject1.dll" id="c06aed7a-e9a0-6eb6-8b9b-c8b6c656561f">
      <Execution id="c8455120-02a5-4e13-974c-55035fbf39d0" />
      <TestMethod codeBase="C:/Users/lucioc/Desktop/class_share/ClassService/ServiceTest/bin/Release/TestProject1.DLL" adapterTypeName="Microsoft.VisualStudio.TestTools.TestTypes.Unit.UnitTestAdapter, Microsoft.VisualStudio.QualityTools.Tips.UnitTest.Adapter, Version=10.0.0.0, Culture=neutral, PublicKeyToken=b03f5f7f11d50a3a" className="ServiceTest.PowerPointControlTest, TestProject1, Version=1.0.0.0, Culture=neutral, PublicKeyToken=null" name="GoToNextSlideTest" />
    </UnitTest>
    <UnitTest name="GoToFirstSlideTest" storage="c:\users\lucioc\desktop\class_share\classservice\servicetest\bin\release\testproject1.dll" id="75051a54-7acc-6f46-756e-3ff9aaa91788">
      <Execution id="9f2787c9-9430-4a70-8f21-d33faa3db680" />
      <TestMethod codeBase="C:/Users/lucioc/Desktop/class_share/ClassService/ServiceTest/bin/Release/TestProject1.DLL" adapterTypeName="Microsoft.VisualStudio.TestTools.TestTypes.Unit.UnitTestAdapter, Microsoft.VisualStudio.QualityTools.Tips.UnitTest.Adapter, Version=10.0.0.0, Culture=neutral, PublicKeyToken=b03f5f7f11d50a3a" className="ServiceTest.PowerPointControlTest, TestProject1, Version=1.0.0.0, Culture=neutral, PublicKeyToken=null" name="GoToFirstSlideTest" />
    </UnitTest>
    <UnitTest name="GoToPrevioustSlideTest" storage="c:\users\lucioc\desktop\class_share\classservice\servicetest\bin\release\testproject1.dll" id="6f01f621-aba7-4d74-a317-569c4d3d8b88">
      <Execution id="6ae680d2-a5a2-4b24-a405-2ef482e779cb" />
      <TestMethod codeBase="C:/Users/lucioc/Desktop/class_share/ClassService/ServiceTest/bin/Release/TestProject1.DLL" adapterTypeName="Microsoft.VisualStudio.TestTools.TestTypes.Unit.UnitTestAdapter, Microsoft.VisualStudio.QualityTools.Tips.UnitTest.Adapter, Version=10.0.0.0, Culture=neutral, PublicKeyToken=b03f5f7f11d50a3a" className="ServiceTest.PowerPointControlTest, TestProject1, Version=1.0.0.0, Culture=neutral, PublicKeyToken=null" name="GoToPrevioustSlideTest" />
    </UnitTest>
    <UnitTest name="prepareCorrectPresentationTest" storage="c:\users\lucioc\desktop\class_share\classservice\servicetest\bin\release\testproject1.dll" id="52cc9fa6-20b6-5876-fd97-161240e266a6">
      <Execution id="3a0dbc21-fb4e-49cf-94aa-ab36606f1a4a" />
      <TestMethod codeBase="C:/Users/lucioc/Desktop/class_share/ClassService/ServiceTest/bin/Release/TestProject1.DLL" adapterTypeName="Microsoft.VisualStudio.TestTools.TestTypes.Unit.UnitTestAdapter, Microsoft.VisualStudio.QualityTools.Tips.UnitTest.Adapter, Version=10.0.0.0, Culture=neutral, PublicKeyToken=b03f5f7f11d50a3a" className="ServiceTest.PowerPointPresentationTest, TestProject1, Version=1.0.0.0, Culture=neutral, PublicKeyToken=null" name="prepareCorrectPresentationTest" />
    </UnitTest>
    <UnitTest name="closeNotStartedPresentationTest" storage="c:\users\lucioc\desktop\class_share\classservice\servicetest\bin\release\testproject1.dll" id="b8ed7e9d-26b6-2337-695d-1bc9a7e0dbbc">
      <Execution id="c0797057-1a35-4d35-9174-da484ebba1b3" />
      <TestMethod codeBase="C:/Users/lucioc/Desktop/class_share/ClassService/ServiceTest/bin/Release/TestProject1.DLL" adapterTypeName="Microsoft.VisualStudio.TestTools.TestTypes.Unit.UnitTestAdapter, Microsoft.VisualStudio.QualityTools.Tips.UnitTest.Adapter, Version=10.0.0.0, Culture=neutral, PublicKeyToken=b03f5f7f11d50a3a" className="ServiceTest.PowerPointPresentationTest, TestProject1, Version=1.0.0.0, Culture=neutral, PublicKeyToken=null" name="closeNotStartedPresentationTest" />
    </UnitTest>
    <UnitTest name="GoToSlideNumberTest" storage="c:\users\lucioc\desktop\class_share\classservice\servicetest\bin\release\testproject1.dll" id="9d52415f-0000-94fe-b8b8-d6947ae90c04">
      <Execution id="364c3ce5-528b-46dc-a546-b9d03e3f3b2d" />
      <TestMethod codeBase="C:/Users/lucioc/Desktop/class_share/ClassService/ServiceTest/bin/Release/TestProject1.DLL" adapterTypeName="Microsoft.VisualStudio.TestTools.TestTypes.Unit.UnitTestAdapter, Microsoft.VisualStudio.QualityTools.Tips.UnitTest.Adapter, Version=10.0.0.0, Culture=neutral, PublicKeyToken=b03f5f7f11d50a3a" className="ServiceTest.PowerPointControlTest, TestProject1, Version=1.0.0.0, Culture=neutral, PublicKeyToken=null" name="GoToSlideNumberTest" />
    </UnitTest>
    <UnitTest name="GoToLastSlideTest" storage="c:\users\lucioc\desktop\class_share\classservice\servicetest\bin\release\testproject1.dll" id="849cfe64-29a2-9171-5a72-a342ec5f7923">
      <Execution id="479bbc80-de1e-4d1b-8996-be8c9f63f8c0" />
      <TestMethod codeBase="C:/Users/lucioc/Desktop/class_share/ClassService/ServiceTest/bin/Release/TestProject1.DLL" adapterTypeName="Microsoft.VisualStudio.TestTools.TestTypes.Unit.UnitTestAdapter, Microsoft.VisualStudio.QualityTools.Tips.UnitTest.Adapter, Version=10.0.0.0, Culture=neutral, PublicKeyToken=b03f5f7f11d50a3a" className="ServiceTest.PowerPointControlTest, TestProject1, Version=1.0.0.0, Culture=neutral, PublicKeyToken=null" name="GoToLastSlideTest" />
    </UnitTest>
    <UnitTest name="prepareNotExistentPresentationTest" storage="c:\users\lucioc\desktop\class_share\classservice\servicetest\bin\release\testproject1.dll" id="7ebb38ba-7376-b7b2-dce2-c3864cddd68f">
      <Execution id="96832d40-b46d-4024-8cd7-bfaa267f626c" />
      <TestMethod codeBase="C:/Users/lucioc/Desktop/class_share/ClassService/ServiceTest/bin/Release/TestProject1.DLL" adapterTypeName="Microsoft.VisualStudio.TestTools.TestTypes.Unit.UnitTestAdapter, Microsoft.VisualStudio.QualityTools.Tips.UnitTest.Adapter, Version=10.0.0.0, Culture=neutral, PublicKeyToken=b03f5f7f11d50a3a" className="ServiceTest.PowerPointPresentationTest, TestProject1, Version=1.0.0.0, Culture=neutral, PublicKeyToken=null" name="prepareNotExistentPresentationTest" />
    </UnitTest>
  </TestDefinitions>
  <TestLists>
    <TestList name="Results Not in a List" id="8c84fa94-04c1-424b-9868-57a2d4851a1d" />
    <TestList name="All Loaded Results" id="19431567-8539-422a-85d7-44ee4e166bda" />
  </TestLists>
  <TestEntries>
    <TestEntry testId="52cc9fa6-20b6-5876-fd97-161240e266a6" executionId="3a0dbc21-fb4e-49cf-94aa-ab36606f1a4a" testListId="8c84fa94-04c1-424b-9868-57a2d4851a1d" />
    <TestEntry testId="7ebb38ba-7376-b7b2-dce2-c3864cddd68f" executionId="96832d40-b46d-4024-8cd7-bfaa267f626c" testListId="8c84fa94-04c1-424b-9868-57a2d4851a1d" />
    <TestEntry testId="478c1c17-3400-1c75-328f-88dc2c86cee5" executionId="3248db00-440c-4888-a604-d7485ec0e6f6" testListId="8c84fa94-04c1-424b-9868-57a2d4851a1d" />
    <TestEntry testId="b8ed7e9d-26b6-2337-695d-1bc9a7e0dbbc" executionId="c0797057-1a35-4d35-9174-da484ebba1b3" testListId="8c84fa94-04c1-424b-9868-57a2d4851a1d" />
    <TestEntry testId="f2657f9c-cafd-4141-1167-8a6a05f83b41" executionId="aa155908-104e-4be5-b6f2-aa4e76e8230c" testListId="8c84fa94-04c1-424b-9868-57a2d4851a1d" />
    <TestEntry testId="3ecc851e-2d6e-b0e2-3dce-1d1f6cde8608" executionId="2d490c02-c435-4642-857d-abd8cf375ed7" testListId="8c84fa94-04c1-424b-9868-57a2d4851a1d" />
    <TestEntry testId="f21e01fc-5c5d-1397-4541-dadfeaa3788c" executionId="f50ace2c-25ab-49a2-ad40-b25939bbc9dd" testListId="8c84fa94-04c1-424b-9868-57a2d4851a1d" />
    <TestEntry testId="9d52415f-0000-94fe-b8b8-d6947ae90c04" executionId="364c3ce5-528b-46dc-a546-b9d03e3f3b2d" testListId="8c84fa94-04c1-424b-9868-57a2d4851a1d" />
    <TestEntry testId="75051a54-7acc-6f46-756e-3ff9aaa91788" executionId="9f2787c9-9430-4a70-8f21-d33faa3db680" testListId="8c84fa94-04c1-424b-9868-57a2d4851a1d" />
    <TestEntry testId="849cfe64-29a2-9171-5a72-a342ec5f7923" executionId="479bbc80-de1e-4d1b-8996-be8c9f63f8c0" testListId="8c84fa94-04c1-424b-9868-57a2d4851a1d" />
    <TestEntry testId="c06aed7a-e9a0-6eb6-8b9b-c8b6c656561f" executionId="c8455120-02a5-4e13-974c-55035fbf39d0" testListId="8c84fa94-04c1-424b-9868-57a2d4851a1d" />
    <TestEntry testId="6f01f621-aba7-4d74-a317-569c4d3d8b88" executionId="6ae680d2-a5a2-4b24-a405-2ef482e779cb" testListId="8c84fa94-04c1-424b-9868-57a2d4851a1d" />
  </TestEntries>
  <Results>
    <UnitTestResult executionId="3a0dbc21-fb4e-49cf-94aa-ab36606f1a4a" testId="52cc9fa6-20b6-5876-fd97-161240e266a6" testName="prepareCorrectPresentationTest" computerName="LUCIOC-VAIO" duration="00:00:07.8714750" startTime="2013-02-09T13:29:03.8472710-02:00" endTime="2013-02-09T13:29:12.9287904-02:00" testType="13cdc9d9-ddb5-4fa4-a97d-d965ccfc6d4b" outcome="Passed" testListId="8c84fa94-04c1-424b-9868-57a2d4851a1d" relativeResultsDirectory="3a0dbc21-fb4e-49cf-94aa-ab36606f1a4a">
      <Output>
        <StdOut>Open presentation</StdOut>
      </Output>
    </UnitTestResult>
    <UnitTestResult executionId="96832d40-b46d-4024-8cd7-bfaa267f626c" testId="7ebb38ba-7376-b7b2-dce2-c3864cddd68f" testName="prepareNotExistentPresentationTest" computerName="LUCIOC-VAIO" duration="00:00:04.0052291" startTime="2013-02-09T13:29:12.9427912-02:00" endTime="2013-02-09T13:29:16.9480203-02:00" testType="13cdc9d9-ddb5-4fa4-a97d-d965ccfc6d4b" outcome="Aborted" testListId="8c84fa94-04c1-424b-9868-57a2d4851a1d" relativeResultsDirectory="96832d40-b46d-4024-8cd7-bfaa267f626c">
    </UnitTestResult>
    <UnitTestResult executionId="3248db00-440c-4888-a604-d7485ec0e6f6" testId="478c1c17-3400-1c75-328f-88dc2c86cee5" testName="closePresentationTest" computerName="LUCIOC-VAIO" testType="13cdc9d9-ddb5-4fa4-a97d-d965ccfc6d4b" outcome="NotExecuted" testListId="8c84fa94-04c1-424b-9868-57a2d4851a1d" relativeResultsDirectory="3248db00-440c-4888-a604-d7485ec0e6f6">
    </UnitTestResult>
    <UnitTestResult executionId="c0797057-1a35-4d35-9174-da484ebba1b3" testId="b8ed7e9d-26b6-2337-695d-1bc9a7e0dbbc" testName="closeNotStartedPresentationTest" computerName="LUCIOC-VAIO" testType="13cdc9d9-ddb5-4fa4-a97d-d965ccfc6d4b" outcome="NotExecuted" testListId="8c84fa94-04c1-424b-9868-57a2d4851a1d" relativeResultsDirectory="c0797057-1a35-4d35-9174-da484ebba1b3">
    </UnitTestResult>
    <UnitTestResult executionId="aa155908-104e-4be5-b6f2-aa4e76e8230c" testId="f2657f9c-cafd-4141-1167-8a6a05f83b41" testName="AddTest" computerName="LUCIOC-VAIO" testType="13cdc9d9-ddb5-4fa4-a97d-d965ccfc6d4b" outcome="NotExecuted" testListId="8c84fa94-04c1-424b-9868-57a2d4851a1d" relativeResultsDirectory="aa155908-104e-4be5-b6f2-aa4e76e8230c">
    </UnitTestResult>
    <UnitTestResult executionId="2d490c02-c435-4642-857d-abd8cf375ed7" testId="3ecc851e-2d6e-b0e2-3dce-1d1f6cde8608" testName="testUnit" computerName="LUCIOC-VAIO" testType="13cdc9d9-ddb5-4fa4-a97d-d965ccfc6d4b" outcome="NotExecuted" testListId="8c84fa94-04c1-424b-9868-57a2d4851a1d" relativeResultsDirectory="2d490c02-c435-4642-857d-abd8cf375ed7">
    </UnitTestResult>
    <UnitTestResult executionId="f50ace2c-25ab-49a2-ad40-b25939bbc9dd" testId="f21e01fc-5c5d-1397-4541-dadfeaa3788c" testName="AddParameterTest" computerName="LUCIOC-VAIO" testType="13cdc9d9-ddb5-4fa4-a97d-d965ccfc6d4b" outcome="NotExecuted" testListId="8c84fa94-04c1-424b-9868-57a2d4851a1d" relativeResultsDirectory="f50ace2c-25ab-49a2-ad40-b25939bbc9dd">
    </UnitTestResult>
    <UnitTestResult executionId="364c3ce5-528b-46dc-a546-b9d03e3f3b2d" testId="9d52415f-0000-94fe-b8b8-d6947ae90c04" testName="GoToSlideNumberTest" computerName="LUCIOC-VAIO" testType="13cdc9d9-ddb5-4fa4-a97d-d965ccfc6d4b" outcome="NotExecuted" testListId="8c84fa94-04c1-424b-9868-57a2d4851a1d" relativeResultsDirectory="364c3ce5-528b-46dc-a546-b9d03e3f3b2d">
    </UnitTestResult>
    <UnitTestResult executionId="9f2787c9-9430-4a70-8f21-d33faa3db680" testId="75051a54-7acc-6f46-756e-3ff9aaa91788" testName="GoToFirstSlideTest" computerName="LUCIOC-VAIO" testType="13cdc9d9-ddb5-4fa4-a97d-d965ccfc6d4b" outcome="NotExecuted" testListId="8c84fa94-04c1-424b-9868-57a2d4851a1d" relativeResultsDirectory="9f2787c9-9430-4a70-8f21-d33faa3db680">
    </UnitTestResult>
    <UnitTestResult executionId="479bbc80-de1e-4d1b-8996-be8c9f63f8c0" testId="849cfe64-29a2-9171-5a72-a342ec5f7923" testName="GoToLastSlideTest" computerName="LUCIOC-VAIO" testType="13cdc9d9-ddb5-4fa4-a97d-d965ccfc6d4b" outcome="NotExecuted" testListId="8c84fa94-04c1-424b-9868-57a2d4851a1d" relativeResultsDirectory="479bbc80-de1e-4d1b-8996-be8c9f63f8c0">
    </UnitTestResult>
    <UnitTestResult executionId="c8455120-02a5-4e13-974c-55035fbf39d0" testId="c06aed7a-e9a0-6eb6-8b9b-c8b6c656561f" testName="GoToNextSlideTest" computerName="LUCIOC-VAIO" testType="13cdc9d9-ddb5-4fa4-a97d-d965ccfc6d4b" outcome="NotExecuted" testListId="8c84fa94-04c1-424b-9868-57a2d4851a1d" relativeResultsDirectory="c8455120-02a5-4e13-974c-55035fbf39d0">
    </UnitTestResult>
    <UnitTestResult executionId="6ae680d2-a5a2-4b24-a405-2ef482e779cb" testId="6f01f621-aba7-4d74-a317-569c4d3d8b88" testName="GoToPrevioustSlideTest" computerName="LUCIOC-VAIO" testType="13cdc9d9-ddb5-4fa4-a97d-d965ccfc6d4b" outcome="NotExecuted" testListId="8c84fa94-04c1-424b-9868-57a2d4851a1d" relativeResultsDirectory="6ae680d2-a5a2-4b24-a405-2ef482e779cb">
    </UnitTestResult>
  </Results>
</TestRun>