<?xml version="1.0" encoding="UTF-8"?>
<TestRun id="21c3f77e-c8d2-4bae-9fb0-c5b9c3f660e2" name="lucioc@LUCIOC-VAIO 2013-02-15 20:42:11" runUser="lucioc-VAIO\lucioc" xmlns="http://microsoft.com/schemas/VisualStudio/TeamTest/2010">
  <TestSettings name="Local" id="8cb53320-d39e-44a4-b8fa-ae4d1c0c140f">
    <Description>These are default test settings for a local test run.</Description>
    <Deployment enabled="false" runDeploymentRoot="lucioc_LUCIOC-VAIO 2013-02-15 20_42_11">
      <DeploymentItem filename="C:\Users\lucioc\Desktop\class_share\ClassService\packages\Autofac.3.0.1\lib\net40\Autofac.dll" />
      <DeploymentItem filename="C:\Users\lucioc\Desktop\class_share\ClassService\packages\Autofac.3.0.1\lib\net40\Autofac.Configuration.dll" />
      <DeploymentItem filename="C:\Users\lucioc\Desktop\class_share\ClassService\WcfService\bin\WcfService1.dll" />
      <DeploymentItem filename="C:\Users\lucioc\Desktop\class_share\ClassService\CommonUtils\bin\Debug\CommonUtils.dll" />
      <DeploymentItem filename="C:\Users\lucioc\Desktop\class_share\ClassService\packages\Moq.4.0.10827\lib\NET40\Moq.dll" />
      <DeploymentItem filename="C:\Users\lucioc\Desktop\class_share\ClassService\PowerPointLibrary\bin\Debug\PowerPointLibraries.dll" />
    </Deployment>
    <Execution>
      <TestTypeSpecific />
      <AgentRule name="Execution Agents">
      </AgentRule>
    </Execution>
  </TestSettings>
  <Times creation="2013-02-15T20:42:11.8906290-02:00" queuing="2013-02-15T20:42:11.8996296-02:00" start="2013-02-15T20:42:11.9116302-02:00" finish="2013-02-15T20:42:12.1436435-02:00" />
  <ResultSummary outcome="Completed">
    <Counters total="4" executed="4" passed="4" error="0" failed="0" timeout="0" aborted="0" inconclusive="0" passedButRunAborted="0" notRunnable="0" notExecuted="0" disconnected="0" warning="0" completed="0" inProgress="0" pending="0" />
  </ResultSummary>
  <TestDefinitions>
    <UnitTest name="FileExistsTest" storage="c:\users\lucioc\desktop\class_share\classservice\servicetest\bin\debug\testproject1.dll" id="e0fe94a0-b576-8e38-1c13-d26307b4a71c">
      <Execution id="edaa5ad1-595f-401b-aa51-24dfb63c2714" />
      <TestMethod codeBase="C:/Users/lucioc/Desktop/class_share/ClassService/ServiceTest/bin/Debug/TestProject1.DLL" adapterTypeName="Microsoft.VisualStudio.TestTools.TestTypes.Unit.UnitTestAdapter, Microsoft.VisualStudio.QualityTools.Tips.UnitTest.Adapter, Version=10.0.0.0, Culture=neutral, PublicKeyToken=b03f5f7f11d50a3a" className="TestProject1.FileManagerTest, TestProject1, Version=1.0.0.0, Culture=neutral, PublicKeyToken=null" name="FileExistsTest" />
    </UnitTest>
    <UnitTest name="CloseFileTest" storage="c:\users\lucioc\desktop\class_share\classservice\servicetest\bin\debug\testproject1.dll" id="c3bed0a3-669a-e0fa-0888-e66ba7f93147">
      <Execution id="88baa329-3a09-46af-ac61-9aaf86a57317" />
      <TestMethod codeBase="C:/Users/lucioc/Desktop/class_share/ClassService/ServiceTest/bin/Debug/TestProject1.DLL" adapterTypeName="Microsoft.VisualStudio.TestTools.TestTypes.Unit.UnitTestAdapter, Microsoft.VisualStudio.QualityTools.Tips.UnitTest.Adapter, Version=10.0.0.0, Culture=neutral, PublicKeyToken=b03f5f7f11d50a3a" className="TestProject1.FileManagerTest, TestProject1, Version=1.0.0.0, Culture=neutral, PublicKeyToken=null" name="CloseFileTest" />
    </UnitTest>
    <UnitTest name="CreateFileTest" storage="c:\users\lucioc\desktop\class_share\classservice\servicetest\bin\debug\testproject1.dll" id="cb10de7f-5a2a-82f5-8d93-2f4fb0d26fbe">
      <Execution id="1a4d65a4-130a-4b26-af3e-83af37d0187b" />
      <TestMethod codeBase="C:/Users/lucioc/Desktop/class_share/ClassService/ServiceTest/bin/Debug/TestProject1.DLL" adapterTypeName="Microsoft.VisualStudio.TestTools.TestTypes.Unit.UnitTestAdapter, Microsoft.VisualStudio.QualityTools.Tips.UnitTest.Adapter, Version=10.0.0.0, Culture=neutral, PublicKeyToken=b03f5f7f11d50a3a" className="TestProject1.FileManagerTest, TestProject1, Version=1.0.0.0, Culture=neutral, PublicKeyToken=null" name="CreateFileTest" />
    </UnitTest>
    <UnitTest name="ReadFileTest" storage="c:\users\lucioc\desktop\class_share\classservice\servicetest\bin\debug\testproject1.dll" id="c17b70bc-6cd4-fcb0-d817-3880b30871c7">
      <Execution id="9d62f768-198d-4a0f-a8ec-7fea16d6869f" />
      <TestMethod codeBase="C:/Users/lucioc/Desktop/class_share/ClassService/ServiceTest/bin/Debug/TestProject1.DLL" adapterTypeName="Microsoft.VisualStudio.TestTools.TestTypes.Unit.UnitTestAdapter, Microsoft.VisualStudio.QualityTools.Tips.UnitTest.Adapter, Version=10.0.0.0, Culture=neutral, PublicKeyToken=b03f5f7f11d50a3a" className="TestProject1.FileManagerTest, TestProject1, Version=1.0.0.0, Culture=neutral, PublicKeyToken=null" name="ReadFileTest" />
    </UnitTest>
  </TestDefinitions>
  <TestLists>
    <TestList name="Results Not in a List" id="8c84fa94-04c1-424b-9868-57a2d4851a1d" />
    <TestList name="All Loaded Results" id="19431567-8539-422a-85d7-44ee4e166bda" />
  </TestLists>
  <TestEntries>
    <TestEntry testId="c17b70bc-6cd4-fcb0-d817-3880b30871c7" executionId="9d62f768-198d-4a0f-a8ec-7fea16d6869f" testListId="8c84fa94-04c1-424b-9868-57a2d4851a1d" />
    <TestEntry testId="c3bed0a3-669a-e0fa-0888-e66ba7f93147" executionId="88baa329-3a09-46af-ac61-9aaf86a57317" testListId="8c84fa94-04c1-424b-9868-57a2d4851a1d" />
    <TestEntry testId="cb10de7f-5a2a-82f5-8d93-2f4fb0d26fbe" executionId="1a4d65a4-130a-4b26-af3e-83af37d0187b" testListId="8c84fa94-04c1-424b-9868-57a2d4851a1d" />
    <TestEntry testId="e0fe94a0-b576-8e38-1c13-d26307b4a71c" executionId="edaa5ad1-595f-401b-aa51-24dfb63c2714" testListId="8c84fa94-04c1-424b-9868-57a2d4851a1d" />
  </TestEntries>
  <Results>
    <UnitTestResult executionId="9d62f768-198d-4a0f-a8ec-7fea16d6869f" testId="c17b70bc-6cd4-fcb0-d817-3880b30871c7" testName="ReadFileTest" computerName="LUCIOC-VAIO" duration="00:00:00.0124978" startTime="2013-02-15T20:42:11.9166305-02:00" endTime="2013-02-15T20:42:12.1086415-02:00" testType="13cdc9d9-ddb5-4fa4-a97d-d965ccfc6d4b" outcome="Passed" testListId="8c84fa94-04c1-424b-9868-57a2d4851a1d" relativeResultsDirectory="9d62f768-198d-4a0f-a8ec-7fea16d6869f">
    </UnitTestResult>
    <UnitTestResult executionId="88baa329-3a09-46af-ac61-9aaf86a57317" testId="c3bed0a3-669a-e0fa-0888-e66ba7f93147" testName="CloseFileTest" computerName="LUCIOC-VAIO" duration="00:00:00.0008809" startTime="2013-02-15T20:42:12.1116417-02:00" endTime="2013-02-15T20:42:12.1166420-02:00" testType="13cdc9d9-ddb5-4fa4-a97d-d965ccfc6d4b" outcome="Passed" testListId="8c84fa94-04c1-424b-9868-57a2d4851a1d" relativeResultsDirectory="88baa329-3a09-46af-ac61-9aaf86a57317">
    </UnitTestResult>
    <UnitTestResult executionId="1a4d65a4-130a-4b26-af3e-83af37d0187b" testId="cb10de7f-5a2a-82f5-8d93-2f4fb0d26fbe" testName="CreateFileTest" computerName="LUCIOC-VAIO" duration="00:00:00.0014093" startTime="2013-02-15T20:42:12.1176420-02:00" endTime="2013-02-15T20:42:12.1236424-02:00" testType="13cdc9d9-ddb5-4fa4-a97d-d965ccfc6d4b" outcome="Passed" testListId="8c84fa94-04c1-424b-9868-57a2d4851a1d" relativeResultsDirectory="1a4d65a4-130a-4b26-af3e-83af37d0187b">
    </UnitTestResult>
    <UnitTestResult executionId="edaa5ad1-595f-401b-aa51-24dfb63c2714" testId="e0fe94a0-b576-8e38-1c13-d26307b4a71c" testName="FileExistsTest" computerName="LUCIOC-VAIO" duration="00:00:00.0009318" startTime="2013-02-15T20:42:12.1266425-02:00" endTime="2013-02-15T20:42:12.1316428-02:00" testType="13cdc9d9-ddb5-4fa4-a97d-d965ccfc6d4b" outcome="Passed" testListId="8c84fa94-04c1-424b-9868-57a2d4851a1d" relativeResultsDirectory="edaa5ad1-595f-401b-aa51-24dfb63c2714">
    </UnitTestResult>
  </Results>
</TestRun>