<?xml version="1.0" encoding="UTF-8"?>
<TestRun id="3d5c6d3e-9c3e-4ea1-80d0-11ad42dd941c" name="lucioc@LUCIOC-VAIO 2013-02-15 20:42:07" runUser="lucioc-VAIO\lucioc" xmlns="http://microsoft.com/schemas/VisualStudio/TeamTest/2010">
  <TestSettings name="Local" id="8cb53320-d39e-44a4-b8fa-ae4d1c0c140f">
    <Description>These are default test settings for a local test run.</Description>
    <Deployment enabled="false" runDeploymentRoot="lucioc_LUCIOC-VAIO 2013-02-15 20_42_07">
      <DeploymentItem filename="C:\Users\lucioc\Desktop\class_share\ClassService\packages\Autofac.3.0.1\lib\net40\Autofac.dll" />
      <DeploymentItem filename="C:\Users\lucioc\Desktop\class_share\ClassService\packages\Autofac.3.0.1\lib\net40\Autofac.Configuration.dll" />
      <DeploymentItem filename="C:\Users\lucioc\Desktop\class_share\ClassService\WcfService\bin\WcfService1.dll" />
      <DeploymentItem filename="C:\Users\lucioc\Desktop\class_share\ClassService\CommonUtils\bin\Debug\CommonUtils.dll" />
      <DeploymentItem filename="C:\Users\lucioc\Desktop\class_share\ClassService\packages\Moq.4.0.10827\lib\NET40\Moq.dll" />
      <DeploymentItem filename="C:\Users\lucioc\Desktop\class_share\ClassService\PowerPointLibrary\bin\Debug\PowerPointLibraries.dll" />
    </Deployment>
    <Execution>
      <TestTypeSpecific />
      <AgentRule name="Execution Agents">
      </AgentRule>
    </Execution>
  </TestSettings>
  <Times creation="2013-02-15T20:42:07.3573698-02:00" queuing="2013-02-15T20:42:07.3643702-02:00" start="2013-02-15T20:42:07.3813711-02:00" finish="2013-02-15T20:42:07.6223849-02:00" />
  <ResultSummary outcome="Completed">
    <Counters total="1" executed="1" passed="1" error="0" failed="0" timeout="0" aborted="0" inconclusive="0" passedButRunAborted="0" notRunnable="0" notExecuted="0" disconnected="0" warning="0" completed="0" inProgress="0" pending="0" />
  </ResultSummary>
  <TestDefinitions>
    <UnitTest name="CreateFileTest" storage="c:\users\lucioc\desktop\class_share\classservice\servicetest\bin\debug\testproject1.dll" id="cb10de7f-5a2a-82f5-8d93-2f4fb0d26fbe">
      <Execution id="d32feb90-74d8-4f74-bfec-c5e6ce1a9980" />
      <TestMethod codeBase="C:/Users/lucioc/Desktop/class_share/ClassService/ServiceTest/bin/Debug/TestProject1.DLL" adapterTypeName="Microsoft.VisualStudio.TestTools.TestTypes.Unit.UnitTestAdapter, Microsoft.VisualStudio.QualityTools.Tips.UnitTest.Adapter, Version=10.0.0.0, Culture=neutral, PublicKeyToken=b03f5f7f11d50a3a" className="TestProject1.FileManagerTest, TestProject1, Version=1.0.0.0, Culture=neutral, PublicKeyToken=null" name="CreateFileTest" />
    </UnitTest>
  </TestDefinitions>
  <TestLists>
    <TestList name="Results Not in a List" id="8c84fa94-04c1-424b-9868-57a2d4851a1d" />
    <TestList name="All Loaded Results" id="19431567-8539-422a-85d7-44ee4e166bda" />
  </TestLists>
  <TestEntries>
    <TestEntry testId="cb10de7f-5a2a-82f5-8d93-2f4fb0d26fbe" executionId="d32feb90-74d8-4f74-bfec-c5e6ce1a9980" testListId="8c84fa94-04c1-424b-9868-57a2d4851a1d" />
  </TestEntries>
  <Results>
    <UnitTestResult executionId="d32feb90-74d8-4f74-bfec-c5e6ce1a9980" testId="cb10de7f-5a2a-82f5-8d93-2f4fb0d26fbe" testName="CreateFileTest" computerName="LUCIOC-VAIO" duration="00:00:00.0161904" startTime="2013-02-15T20:42:07.3893716-02:00" endTime="2013-02-15T20:42:07.6093842-02:00" testType="13cdc9d9-ddb5-4fa4-a97d-d965ccfc6d4b" outcome="Passed" testListId="8c84fa94-04c1-424b-9868-57a2d4851a1d" relativeResultsDirectory="d32feb90-74d8-4f74-bfec-c5e6ce1a9980">
    </UnitTestResult>
  </Results>
</TestRun>