<?xml version="1.0" encoding="UTF-8"?>
<TestRun id="361d95fe-10d0-4177-a69c-070de885fa2a" name="lucioc@LUCIOC-VAIO 2013-02-03 17:11:02" runUser="lucioc-VAIO\lucioc" xmlns="http://microsoft.com/schemas/VisualStudio/TeamTest/2010">
  <TestSettings name="Local" id="8cb53320-d39e-44a4-b8fa-ae4d1c0c140f">
    <Description>These are default test settings for a local test run.</Description>
    <Deployment enabled="false" runDeploymentRoot="lucioc_LUCIOC-VAIO 2013-02-03 17_11_02">
      <DeploymentItem filename="C:\Users\lucioc\Desktop\class_share\Samples\WCF\WcfService1\WcfService1\bin\WcfService1.dll" />
      <DeploymentItem filename="C:\Users\lucioc\Desktop\class_share\Samples\WCF\WcfService1\PowerPointLibraries\bin\Debug\PowerPointLibraries.dll" />
    </Deployment>
    <Execution>
      <TestTypeSpecific />
      <AgentRule name="Execution Agents">
      </AgentRule>
    </Execution>
  </TestSettings>
  <Times creation="2013-02-03T17:11:02.5896800-02:00" queuing="2013-02-03T17:11:02.6052800-02:00" start="2013-02-03T17:11:02.6364801-02:00" finish="2013-02-03T17:11:29.5933274-02:00" />
  <ResultSummary outcome="Completed">
    <Counters total="5" executed="5" passed="5" error="0" failed="0" timeout="0" aborted="0" inconclusive="0" passedButRunAborted="0" notRunnable="0" notExecuted="0" disconnected="0" warning="0" completed="0" inProgress="0" pending="0" />
  </ResultSummary>
  <TestDefinitions>
    <UnitTest name="GoToLastSlideTest" storage="c:\users\lucioc\desktop\class_share\samples\wcf\wcfservice1\testproject1\bin\debug\testproject1.dll" id="17bcbf66-c63d-d576-931b-799521e55765">
      <Execution id="ab05ccb3-b4e1-4290-806a-e03648975c9b" />
      <TestMethod codeBase="C:/Users/lucioc/Desktop/class_share/Samples/WCF/WcfService1/TestProject1/bin/Debug/TestProject1.DLL" adapterTypeName="Microsoft.VisualStudio.TestTools.TestTypes.Unit.UnitTestAdapter, Microsoft.VisualStudio.QualityTools.Tips.UnitTest.Adapter, Version=10.0.0.0, Culture=neutral, PublicKeyToken=b03f5f7f11d50a3a" className="TestProject1.PowerPointControlTest, TestProject1, Version=1.0.0.0, Culture=neutral, PublicKeyToken=null" name="GoToLastSlideTest" />
    </UnitTest>
    <UnitTest name="GoToNextSlideTest" storage="c:\users\lucioc\desktop\class_share\samples\wcf\wcfservice1\testproject1\bin\debug\testproject1.dll" id="7b2a21ed-7842-a515-bc36-c73d8317a1a2">
      <Execution id="83a097a8-2959-405d-b69f-b54e3ff46496" />
      <TestMethod codeBase="C:/Users/lucioc/Desktop/class_share/Samples/WCF/WcfService1/TestProject1/bin/Debug/TestProject1.DLL" adapterTypeName="Microsoft.VisualStudio.TestTools.TestTypes.Unit.UnitTestAdapter, Microsoft.VisualStudio.QualityTools.Tips.UnitTest.Adapter, Version=10.0.0.0, Culture=neutral, PublicKeyToken=b03f5f7f11d50a3a" className="TestProject1.PowerPointControlTest, TestProject1, Version=1.0.0.0, Culture=neutral, PublicKeyToken=null" name="GoToNextSlideTest" />
    </UnitTest>
    <UnitTest name="GoToSlideNumberTest" storage="c:\users\lucioc\desktop\class_share\samples\wcf\wcfservice1\testproject1\bin\debug\testproject1.dll" id="d132e612-4837-2d12-046f-a1d1d776af8a">
      <Execution id="7c7cccca-c8a5-4e17-972b-cfc12fed4ff2" />
      <TestMethod codeBase="C:/Users/lucioc/Desktop/class_share/Samples/WCF/WcfService1/TestProject1/bin/Debug/TestProject1.DLL" adapterTypeName="Microsoft.VisualStudio.TestTools.TestTypes.Unit.UnitTestAdapter, Microsoft.VisualStudio.QualityTools.Tips.UnitTest.Adapter, Version=10.0.0.0, Culture=neutral, PublicKeyToken=b03f5f7f11d50a3a" className="TestProject1.PowerPointControlTest, TestProject1, Version=1.0.0.0, Culture=neutral, PublicKeyToken=null" name="GoToSlideNumberTest" />
    </UnitTest>
    <UnitTest name="GoToPrevioustSlideTest" storage="c:\users\lucioc\desktop\class_share\samples\wcf\wcfservice1\testproject1\bin\debug\testproject1.dll" id="81c44fed-a869-0b8d-bace-ca65dad2a800">
      <Execution id="2f036967-4a10-414b-9852-bc3b4917765c" />
      <TestMethod codeBase="C:/Users/lucioc/Desktop/class_share/Samples/WCF/WcfService1/TestProject1/bin/Debug/TestProject1.DLL" adapterTypeName="Microsoft.VisualStudio.TestTools.TestTypes.Unit.UnitTestAdapter, Microsoft.VisualStudio.QualityTools.Tips.UnitTest.Adapter, Version=10.0.0.0, Culture=neutral, PublicKeyToken=b03f5f7f11d50a3a" className="TestProject1.PowerPointControlTest, TestProject1, Version=1.0.0.0, Culture=neutral, PublicKeyToken=null" name="GoToPrevioustSlideTest" />
    </UnitTest>
    <UnitTest name="GoToFirstSlideTest" storage="c:\users\lucioc\desktop\class_share\samples\wcf\wcfservice1\testproject1\bin\debug\testproject1.dll" id="861a307a-71f7-f20b-bab6-2616eb0e999d">
      <Execution id="84096578-7679-4f79-8e3d-8ee303cec50f" />
      <TestMethod codeBase="C:/Users/lucioc/Desktop/class_share/Samples/WCF/WcfService1/TestProject1/bin/Debug/TestProject1.DLL" adapterTypeName="Microsoft.VisualStudio.TestTools.TestTypes.Unit.UnitTestAdapter, Microsoft.VisualStudio.QualityTools.Tips.UnitTest.Adapter, Version=10.0.0.0, Culture=neutral, PublicKeyToken=b03f5f7f11d50a3a" className="TestProject1.PowerPointControlTest, TestProject1, Version=1.0.0.0, Culture=neutral, PublicKeyToken=null" name="GoToFirstSlideTest" />
    </UnitTest>
  </TestDefinitions>
  <TestLists>
    <TestList name="Results Not in a List" id="8c84fa94-04c1-424b-9868-57a2d4851a1d" />
    <TestList name="All Loaded Results" id="19431567-8539-422a-85d7-44ee4e166bda" />
  </TestLists>
  <TestEntries>
    <TestEntry testId="17bcbf66-c63d-d576-931b-799521e55765" executionId="ab05ccb3-b4e1-4290-806a-e03648975c9b" testListId="8c84fa94-04c1-424b-9868-57a2d4851a1d" />
    <TestEntry testId="7b2a21ed-7842-a515-bc36-c73d8317a1a2" executionId="83a097a8-2959-405d-b69f-b54e3ff46496" testListId="8c84fa94-04c1-424b-9868-57a2d4851a1d" />
    <TestEntry testId="81c44fed-a869-0b8d-bace-ca65dad2a800" executionId="2f036967-4a10-414b-9852-bc3b4917765c" testListId="8c84fa94-04c1-424b-9868-57a2d4851a1d" />
    <TestEntry testId="861a307a-71f7-f20b-bab6-2616eb0e999d" executionId="84096578-7679-4f79-8e3d-8ee303cec50f" testListId="8c84fa94-04c1-424b-9868-57a2d4851a1d" />
    <TestEntry testId="d132e612-4837-2d12-046f-a1d1d776af8a" executionId="7c7cccca-c8a5-4e17-972b-cfc12fed4ff2" testListId="8c84fa94-04c1-424b-9868-57a2d4851a1d" />
  </TestEntries>
  <Results>
    <UnitTestResult executionId="ab05ccb3-b4e1-4290-806a-e03648975c9b" testId="17bcbf66-c63d-d576-931b-799521e55765" testName="GoToLastSlideTest" computerName="LUCIOC-VAIO" duration="00:00:05.3394490" startTime="2013-02-03T17:11:02.6676801-02:00" endTime="2013-02-03T17:11:08.2056898-02:00" testType="13cdc9d9-ddb5-4fa4-a97d-d965ccfc6d4b" outcome="Passed" testListId="8c84fa94-04c1-424b-9868-57a2d4851a1d" relativeResultsDirectory="ab05ccb3-b4e1-4290-806a-e03648975c9b">
      <Output>
        <StdOut>Open presentation




Started presentation</StdOut>
        <DebugTrace>

Open presentation



Started presentation

</DebugTrace>
      </Output>
    </UnitTestResult>
    <UnitTestResult executionId="83a097a8-2959-405d-b69f-b54e3ff46496" testId="7b2a21ed-7842-a515-bc36-c73d8317a1a2" testName="GoToNextSlideTest" computerName="LUCIOC-VAIO" duration="00:00:05.3891512" startTime="2013-02-03T17:11:08.2056898-02:00" endTime="2013-02-03T17:11:13.5876993-02:00" testType="13cdc9d9-ddb5-4fa4-a97d-d965ccfc6d4b" outcome="Passed" testListId="8c84fa94-04c1-424b-9868-57a2d4851a1d" relativeResultsDirectory="83a097a8-2959-405d-b69f-b54e3ff46496">
      <Output>
        <StdOut>Open presentation




Started presentation




Next slide command. curent slide position: 2</StdOut>
        <DebugTrace>

Open presentation



Started presentation



Next slide command. curent slide position: 2

</DebugTrace>
      </Output>
    </UnitTestResult>
    <UnitTestResult executionId="2f036967-4a10-414b-9852-bc3b4917765c" testId="81c44fed-a869-0b8d-bace-ca65dad2a800" testName="GoToPrevioustSlideTest" computerName="LUCIOC-VAIO" duration="00:00:05.3688037" startTime="2013-02-03T17:11:13.6032993-02:00" endTime="2013-02-03T17:11:18.9697087-02:00" testType="13cdc9d9-ddb5-4fa4-a97d-d965ccfc6d4b" outcome="Passed" testListId="8c84fa94-04c1-424b-9868-57a2d4851a1d" relativeResultsDirectory="2f036967-4a10-414b-9852-bc3b4917765c">
      <Output>
        <StdOut>Open presentation




Started presentation




Previous slide command. curent slide position: 4</StdOut>
        <DebugTrace>

Open presentation



Started presentation



Previous slide command. curent slide position: 4

</DebugTrace>
      </Output>
    </UnitTestResult>
    <UnitTestResult executionId="84096578-7679-4f79-8e3d-8ee303cec50f" testId="861a307a-71f7-f20b-bab6-2616eb0e999d" testName="GoToFirstSlideTest" computerName="LUCIOC-VAIO" duration="00:00:05.3226299" startTime="2013-02-03T17:11:18.9697087-02:00" endTime="2013-02-03T17:11:24.3049181-02:00" testType="13cdc9d9-ddb5-4fa4-a97d-d965ccfc6d4b" outcome="Passed" testListId="8c84fa94-04c1-424b-9868-57a2d4851a1d" relativeResultsDirectory="84096578-7679-4f79-8e3d-8ee303cec50f">
      <Output>
        <StdOut>Open presentation




Started presentation</StdOut>
        <DebugTrace>

Open presentation



Started presentation

</DebugTrace>
      </Output>
    </UnitTestResult>
    <UnitTestResult executionId="7c7cccca-c8a5-4e17-972b-cfc12fed4ff2" testId="d132e612-4837-2d12-046f-a1d1d776af8a" testName="GoToSlideNumberTest" computerName="LUCIOC-VAIO" duration="00:00:05.2190775" startTime="2013-02-03T17:11:24.3049181-02:00" endTime="2013-02-03T17:11:29.5309273-02:00" testType="13cdc9d9-ddb5-4fa4-a97d-d965ccfc6d4b" outcome="Passed" testListId="8c84fa94-04c1-424b-9868-57a2d4851a1d" relativeResultsDirectory="7c7cccca-c8a5-4e17-972b-cfc12fed4ff2">
      <Output>
        <StdOut>Open presentation




Started presentation</StdOut>
        <DebugTrace>

Open presentation



Started presentation

</DebugTrace>
      </Output>
    </UnitTestResult>
  </Results>
</TestRun>