<?xml version="1.0" encoding="UTF-8"?>
<TestRun id="372f97f3-6e95-4ef3-9643-6bb2c56466fc" name="Lucio@LUCIO-PC 2013-02-02 17:46:18" runUser="Lucio-PC\Lucio" xmlns="http://microsoft.com/schemas/VisualStudio/TeamTest/2010">
  <TestSettings name="Local" id="8cb53320-d39e-44a4-b8fa-ae4d1c0c140f">
    <Description>These are default test settings for a local test run.</Description>
    <Deployment enabled="false" runDeploymentRoot="Lucio_LUCIO-PC 2013-02-02 17_46_18">
      <DeploymentItem filename="C:\Users\Lucio\Desktop\class_share\Samples\WCF\WcfService1\WcfService1\bin\WcfService1.dll" />
    </Deployment>
    <Execution>
      <TestTypeSpecific />
      <AgentRule name="Execution Agents">
      </AgentRule>
    </Execution>
  </TestSettings>
  <Times creation="2013-02-02T17:46:18.5812176-02:00" queuing="2013-02-02T17:46:18.6132194-02:00" start="2013-02-02T17:46:18.6162196-02:00" finish="2013-02-02T17:46:18.8082306-02:00" />
  <ResultSummary outcome="Completed">
    <Counters total="1" executed="1" passed="1" error="0" failed="0" timeout="0" aborted="0" inconclusive="0" passedButRunAborted="0" notRunnable="0" notExecuted="0" disconnected="0" warning="0" completed="0" inProgress="0" pending="0" />
  </ResultSummary>
  <TestDefinitions>
    <UnitTest name="TestMethod1" storage="c:\users\lucio\desktop\class_share\samples\wcf\wcfservice1\testproject1\bin\debug\testproject1.dll" id="59863143-3238-122e-4d8a-637b491cc755">
      <Execution id="533345ed-ae2e-4e3a-b05a-da943f34f64b" />
      <TestMethod codeBase="C:/Users/Lucio/Desktop/class_share/Samples/WCF/WcfService1/TestProject1/bin/Debug/TestProject1.DLL" adapterTypeName="Microsoft.VisualStudio.TestTools.TestTypes.Unit.UnitTestAdapter, Microsoft.VisualStudio.QualityTools.Tips.UnitTest.Adapter, Version=10.0.0.0, Culture=neutral, PublicKeyToken=b03f5f7f11d50a3a" className="TestProject1.UnitTest1, TestProject1, Version=1.0.0.0, Culture=neutral, PublicKeyToken=null" name="TestMethod1" />
    </UnitTest>
  </TestDefinitions>
  <TestLists>
    <TestList name="Results Not in a List" id="8c84fa94-04c1-424b-9868-57a2d4851a1d" />
    <TestList name="All Loaded Results" id="19431567-8539-422a-85d7-44ee4e166bda" />
  </TestLists>
  <TestEntries>
    <TestEntry testId="59863143-3238-122e-4d8a-637b491cc755" executionId="533345ed-ae2e-4e3a-b05a-da943f34f64b" testListId="8c84fa94-04c1-424b-9868-57a2d4851a1d" />
  </TestEntries>
  <Results>
    <UnitTestResult executionId="533345ed-ae2e-4e3a-b05a-da943f34f64b" testId="59863143-3238-122e-4d8a-637b491cc755" testName="TestMethod1" computerName="LUCIO-PC" duration="00:00:00.0111524" startTime="2013-02-02T17:46:18.6202198-02:00" endTime="2013-02-02T17:46:18.7972299-02:00" testType="13cdc9d9-ddb5-4fa4-a97d-d965ccfc6d4b" outcome="Passed" testListId="8c84fa94-04c1-424b-9868-57a2d4851a1d" relativeResultsDirectory="533345ed-ae2e-4e3a-b05a-da943f34f64b">
    </UnitTestResult>
  </Results>
</TestRun>